Data size = 20
Max Number = 50

In-order data set.
0
1
2
3
4
5
6
7
8
9
10
11
12
13
14
15
16
17
18
19



Reverse-order data set.
49
48
47
46
45
44
43
42
41
40
39
38
37
36
35
34
33
32
31
30



Random order data set.
41
17
34
0
19
24
28
8
12
14
5
45
31
27
11
41
45
42
27
36